
  .   ____          _            __ _ _
 /\\ / ___'_ __ _ _(_)_ __  __ _ \ \ \ \
( ( )\___ | '_ | '_| | '_ \/ _` | \ \ \ \
 \\/  ___)| |_)| | | | | || (_| |  ) ) ) )
  '  |____| .__|_| |_|_| |_\__, | / / / /
 =========|_|==============|___/=/_/_/_/

 :: Spring Boot ::               (v3.5.16)

2026-09-01T20:23:20.645+05:30  INFO 14800 --- [offgo-backend] [           main] com.offgo.backend.BackendApplication     : Starting BackendApplication v0.0.1-SNAPSHOT using Java 21.0.4 with PID 14800 (D:\projects\Off-Go\Implementation final\Implementation\backend\target\backend-0.0.1-SNAPSHOT.jar started by rishe in D:\projects\Off-Go\Implementation final\Implementation\backend)
2026-09-01T20:23:20.652+05:30  INFO 14800 --- [offgo-backend] [           main] com.offgo.backend.BackendApplication     : No active profile set, falling back to 1 default profile: "default"
2026-09-01T20:23:23.018+05:30  INFO 14800 --- [offgo-backend] [           main] .s.d.r.c.RepositoryConfigurationDelegate : Bootstrapping Spring Data JPA repositories in DEFAULT mode.
2026-09-01T20:23:23.483+05:30  INFO 14800 --- [offgo-backend] [           main] .s.d.r.c.RepositoryConfigurationDelegate : Finished Spring Data repository scanning in 433 ms. Found 13 JPA repository interfaces.
2026-09-01T20:23:26.920+05:30  INFO 14800 --- [offgo-backend] [           main] o.s.b.w.embedded.tomcat.TomcatWebServer  : Tomcat initialized with port 8089 (http)
2026-09-01T20:23:27.032+05:30  INFO 14800 --- [offgo-backend] [           main] o.apache.catalina.core.StandardService   : Starting service [Tomcat]
2026-09-01T20:23:27.032+05:30  INFO 14800 --- [offgo-backend] [           main] o.apache.catalina.core.StandardEngine    : Starting Servlet engine: [Apache Tomcat/10.1.55]
2026-09-01T20:23:27.167+05:30  INFO 14800 --- [offgo-backend] [           main] o.a.c.c.C.[Tomcat].[localhost].[/]       : Initializing Spring embedded WebApplicationContext
2026-09-01T20:23:27.171+05:30  INFO 14800 --- [offgo-backend] [           main] w.s.c.ServletWebServerApplicationContext : Root WebApplicationContext: initialization completed in 6434 ms
2026-09-01T20:23:27.858+05:30  INFO 14800 --- [offgo-backend] [           main] o.hibernate.jpa.internal.util.LogHelper  : HHH000204: Processing PersistenceUnitInfo [name: default]
2026-09-01T20:23:28.062+05:30  INFO 14800 --- [offgo-backend] [           main] org.hibernate.Version                    : HHH000412: Hibernate ORM core version 6.6.53.Final
2026-09-01T20:23:28.234+05:30  INFO 14800 --- [offgo-backend] [           main] o.h.c.internal.RegionFactoryInitiator    : HHH000026: Second-level cache disabled
2026-09-01T20:23:29.366+05:30  INFO 14800 --- [offgo-backend] [           main] o.s.o.j.p.SpringPersistenceUnitInfo      : No LoadTimeWeaver setup: ignoring JPA class transformer
2026-09-01T20:23:29.475+05:30  INFO 14800 --- [offgo-backend] [           main] com.zaxxer.hikari.HikariDataSource       : HikariPool-1 - Starting...
2026-09-01T20:23:30.183+05:30  INFO 14800 --- [offgo-backend] [           main] com.zaxxer.hikari.pool.HikariPool        : HikariPool-1 - Added connection org.postgresql.jdbc.PgConnection@5814b4fb
2026-09-01T20:23:30.195+05:30  INFO 14800 --- [offgo-backend] [           main] com.zaxxer.hikari.HikariDataSource       : HikariPool-1 - Start completed.
2026-09-01T20:23:30.432+05:30  INFO 14800 --- [offgo-backend] [           main] org.hibernate.orm.connections.pooling    : HHH10001005: Database info:
	Database JDBC URL [Connecting through datasource 'HikariDataSource (HikariPool-1)']
	Database driver: undefined/unknown
	Database version: 18.4
	Autocommit mode: undefined/unknown
	Isolation level: undefined/unknown
	Minimum pool size: undefined/unknown
	Maximum pool size: undefined/unknown
2026-09-01T20:23:34.770+05:30  INFO 14800 --- [offgo-backend] [           main] o.h.e.t.j.p.i.JtaPlatformInitiator       : HHH000489: No JTA platform available (set 'hibernate.transaction.jta.platform' to enable JTA platform integration)
2026-09-01T20:23:35.172+05:30  INFO 14800 --- [offgo-backend] [           main] j.LocalContainerEntityManagerFactoryBean : Initialized JPA EntityManagerFactory for persistence unit 'default'
2026-09-01T20:23:36.525+05:30  INFO 14800 --- [offgo-backend] [           main] eAuthenticationProviderManagerConfigurer : Global AuthenticationManager configured with AuthenticationProvider bean with name authenticationProvider
2026-09-01T20:23:36.528+05:30  WARN 14800 --- [offgo-backend] [           main] r$InitializeUserDetailsManagerConfigurer : Global AuthenticationManager configured with an AuthenticationProvider bean. UserDetailsService beans will not be used by Spring Security for automatically configuring username/password login. Consider removing the AuthenticationProvider bean. Alternatively, consider using the UserDetailsService in a manually instantiated DaoAuthenticationProvider. If the current configuration is intentional, to turn off this warning, increase the logging level of 'org.springframework.security.config.annotation.authentication.configuration.InitializeUserDetailsBeanManagerConfigurer' to ERROR
2026-09-01T20:23:37.317+05:30  INFO 14800 --- [offgo-backend] [           main] o.s.d.j.r.query.QueryEnhancerFactory     : Hibernate is in classpath; If applicable, HQL parser will be used.
2026-09-01T20:23:39.052+05:30 DEBUG 14800 --- [offgo-backend] [           main] o.s.w.s.s.s.WebSocketHandlerMapping      : Patterns [/ws] in 'stompWebSocketHandlerMapping'
2026-09-01T20:23:39.598+05:30 DEBUG 14800 --- [offgo-backend] [           main] .WebSocketAnnotationMethodMessageHandler : 
	c.o.b.c.TestController:
	
2026-09-01T20:23:39.602+05:30 DEBUG 14800 --- [offgo-backend] [           main] .WebSocketAnnotationMethodMessageHandler : 
	c.o.b.c.a.AdminApprovalController:
	
2026-09-01T20:23:39.603+05:30 DEBUG 14800 --- [offgo-backend] [           main] .WebSocketAnnotationMethodMessageHandler : 
	c.o.b.c.a.AuthenticationController:
	
2026-09-01T20:23:39.604+05:30 DEBUG 14800 --- [offgo-backend] [           main] .WebSocketAnnotationMethodMessageHandler : 
	c.o.b.c.b.BookingController:
	
2026-09-01T20:23:39.605+05:30 DEBUG 14800 --- [offgo-backend] [           main] .WebSocketAnnotationMethodMessageHandler : 
	c.o.b.c.c.ComplaintController:
	
2026-09-01T20:23:39.606+05:30 DEBUG 14800 --- [offgo-backend] [           main] .WebSocketAnnotationMethodMessageHandler : 
	c.o.b.c.d.DashboardController:
	
2026-09-01T20:23:39.607+05:30 DEBUG 14800 --- [offgo-backend] [           main] .WebSocketAnnotationMethodMessageHandler : 
	c.o.b.c.d.DriverController:
	
2026-09-01T20:23:39.608+05:30 DEBUG 14800 --- [offgo-backend] [           main] .WebSocketAnnotationMethodMessageHandler : 
	c.o.b.c.e.EmployeeController:
	
2026-09-01T20:23:39.608+05:30 DEBUG 14800 --- [offgo-backend] [           main] .WebSocketAnnotationMethodMessageHandler : 
	c.o.b.c.e.ETAController:
	
2026-09-01T20:23:39.609+05:30 DEBUG 14800 --- [offgo-backend] [           main] .WebSocketAnnotationMethodMessageHandler : 
	c.o.b.c.n.NotificationController:
	
2026-09-01T20:23:39.610+05:30 DEBUG 14800 --- [offgo-backend] [           main] .WebSocketAnnotationMethodMessageHandler : 
	c.o.b.c.q.QRCodeController:
	
2026-09-01T20:23:39.611+05:30 DEBUG 14800 --- [offgo-backend] [           main] .WebSocketAnnotationMethodMessageHandler : 
	c.o.b.c.r.RouteController:
	
2026-09-01T20:23:39.612+05:30 DEBUG 14800 --- [offgo-backend] [           main] .WebSocketAnnotationMethodMessageHandler : 
	c.o.b.c.r.RouteStopController:
	
2026-09-01T20:23:39.612+05:30 DEBUG 14800 --- [offgo-backend] [           main] .WebSocketAnnotationMethodMessageHandler : 
	c.o.b.c.s.ScheduleController:
	
2026-09-01T20:23:39.613+05:30 DEBUG 14800 --- [offgo-backend] [           main] .WebSocketAnnotationMethodMessageHandler : 
	c.o.b.c.s.ShuttleController:
	
2026-09-01T20:23:39.614+05:30 DEBUG 14800 --- [offgo-backend] [           main] .WebSocketAnnotationMethodMessageHandler : 
	c.o.b.c.s.StopController:
	
2026-09-01T20:23:39.614+05:30 DEBUG 14800 --- [offgo-backend] [           main] .WebSocketAnnotationMethodMessageHandler : 
	c.o.b.c.t.TrackingController:
	
2026-09-01T20:23:39.615+05:30 DEBUG 14800 --- [offgo-backend] [           main] .WebSocketAnnotationMethodMessageHandler : 
	c.o.b.c.u.UserController:
	
2026-09-01T20:23:39.625+05:30 DEBUG 14800 --- [offgo-backend] [           main] .WebSocketAnnotationMethodMessageHandler : 
	o.s.b.a.w.s.e.BasicErrorController:
	
2026-09-01T20:23:39.655+05:30 DEBUG 14800 --- [offgo-backend] [           main] .WebSocketAnnotationMethodMessageHandler : 
	o.s.w.a.OpenApiWebMvcResource:
	
2026-09-01T20:23:39.657+05:30 DEBUG 14800 --- [offgo-backend] [           main] .WebSocketAnnotationMethodMessageHandler : 
	o.s.w.u.SwaggerWelcomeWebMvc:
	
2026-09-01T20:23:39.658+05:30 DEBUG 14800 --- [offgo-backend] [           main] .WebSocketAnnotationMethodMessageHandler : 
	o.s.w.u.SwaggerConfigResource:
	
2026-09-01T20:23:40.269+05:30 DEBUG 14800 --- [offgo-backend] [           main] s.w.s.m.m.a.RequestMappingHandlerMapping : 70 mappings in 'requestMappingHandlerMapping'
2026-09-01T20:23:40.394+05:30 DEBUG 14800 --- [offgo-backend] [           main] o.s.w.s.handler.SimpleUrlHandlerMapping  : Patterns [/webjars/**, /**, /swagger-ui/**, /swagger-ui/*swagger-initializer.js, /webjars/*swagger-ui/**, /webjars/*swagger-ui/*swagger-initializer.js, /webjars/*swagger-ui/5.32.0/*swagger-initializer.js] in 'resourceHandlerMapping'
2026-09-01T20:23:40.580+05:30 DEBUG 14800 --- [offgo-backend] [           main] o.s.s.web.DefaultSecurityFilterChain     : Will secure any request with filters: DisableEncodeUrlFilter, WebAsyncManagerIntegrationFilter, SecurityContextHolderFilter, HeaderWriterFilter, CorsFilter, LogoutFilter, JwtAuthenticationFilter, RequestCacheAwareFilter, SecurityContextHolderAwareRequestFilter, AnonymousAuthenticationFilter, SessionManagementFilter, ExceptionTranslationFilter, AuthorizationFilter
2026-09-01T20:23:40.705+05:30 DEBUG 14800 --- [offgo-backend] [           main] s.w.s.m.m.a.RequestMappingHandlerAdapter : ControllerAdvice beans: 0 @ModelAttribute, 0 @InitBinder, 1 RequestBodyAdvice, 1 ResponseBodyAdvice
2026-09-01T20:23:40.840+05:30 DEBUG 14800 --- [offgo-backend] [           main] .m.m.a.ExceptionHandlerExceptionResolver : ControllerAdvice beans: 2 @ExceptionHandler, 1 ResponseBodyAdvice
2026-09-01T20:23:41.409+05:30 DEBUG 14800 --- [offgo-backend] [           main] org.springframework.web.SimpLogging      : clientOutboundChannel added SubProtocolWebSocketHandler[StompSubProtocolHandler[v10.stomp, v11.stomp, v12.stomp]]
2026-09-01T20:23:41.412+05:30 DEBUG 14800 --- [offgo-backend] [           main] org.springframework.web.SimpLogging      : clientInboundChannel added WebSocketAnnotationMethodMessageHandler[prefixes=[/app/]]
2026-09-01T20:23:41.413+05:30  INFO 14800 --- [offgo-backend] [           main] o.s.m.s.b.SimpleBrokerMessageHandler     : Starting...
2026-09-01T20:23:41.414+05:30 DEBUG 14800 --- [offgo-backend] [           main] org.springframework.web.SimpLogging      : clientInboundChannel added SimpleBrokerMessageHandler [org.springframework.messaging.simp.broker.DefaultSubscriptionRegistry@5126c400]
2026-09-01T20:23:41.414+05:30 DEBUG 14800 --- [offgo-backend] [           main] org.springframework.web.SimpLogging      : brokerChannel added SimpleBrokerMessageHandler [org.springframework.messaging.simp.broker.DefaultSubscriptionRegistry@5126c400]
2026-09-01T20:23:41.415+05:30  INFO 14800 --- [offgo-backend] [           main] o.s.m.s.b.SimpleBrokerMessageHandler     : BrokerAvailabilityEvent[available=true, SimpleBrokerMessageHandler [org.springframework.messaging.simp.broker.DefaultSubscriptionRegistry@5126c400]]
2026-09-01T20:23:41.420+05:30  INFO 14800 --- [offgo-backend] [           main] o.s.m.s.b.SimpleBrokerMessageHandler     : Started.
2026-09-01T20:23:41.421+05:30 DEBUG 14800 --- [offgo-backend] [           main] org.springframework.web.SimpLogging      : clientInboundChannel added UserDestinationMessageHandler[DefaultUserDestinationResolver[prefix=/user/]]
2026-09-01T20:23:41.422+05:30 DEBUG 14800 --- [offgo-backend] [           main] org.springframework.web.SimpLogging      : brokerChannel added UserDestinationMessageHandler[DefaultUserDestinationResolver[prefix=/user/]]
2026-09-01T20:23:41.482+05:30  INFO 14800 --- [offgo-backend] [           main] o.s.b.w.embedded.tomcat.TomcatWebServer  : Tomcat started on port 8089 (http) with context path '/'
2026-09-01T20:23:41.510+05:30  INFO 14800 --- [offgo-backend] [           main] com.offgo.backend.BackendApplication     : Started BackendApplication in 21.685 seconds (process running for 22.516)
2026-09-01T20:23:41.522+05:30  INFO 14800 --- [offgo-backend] [MessageBroker-1] c.o.backend.scheduler.ShuttleScheduler   : Running scheduled shuttle update...
Hibernate: 
    select
        u1_0.id 
    from
        users u1_0 
    where
        u1_0.email=? 
    fetch
        first ? rows only
Hibernate: 
    select
        u1_0.id 
    from
        users u1_0 
    where
        u1_0.email=? 
    fetch
        first ? rows only
Hibernate: 
    select
        u1_0.id 
    from
        users u1_0 
    where
        u1_0.email=? 
    fetch
        first ? rows only
Hibernate: 
    select
        u1_0.id 
    from
        users u1_0 
    where
        u1_0.email=? 
    fetch
        first ? rows only
Hibernate: 
    select
        count(*) 
    from
        employees e1_0
Hibernate: 
    select
        count(*) 
    from
        shuttles s1_0
Hibernate: 
    select
        count(*) 
    from
        drivers d1_0
Hibernate: 
    select
        count(*) 
    from
        routes r1_0
Hibernate: 
    select
        count(*) 
    from
        stops s1_0
Hibernate: 
    select
        count(*) 
    from
        route_stops rs1_0
2026-09-01T20:23:41.904+05:30  WARN 14800 --- [offgo-backend] [           main] o.s.core.events.SpringDocAppInitializer  : SpringDoc /api-docs endpoint is enabled by default. To disable it in production, set the property 'springdoc.api-docs.enabled=false'
2026-09-01T20:23:41.905+05:30  WARN 14800 --- [offgo-backend] [           main] o.s.core.events.SpringDocAppInitializer  : SpringDoc /swagger-ui.html endpoint is enabled by default. To disable it in production, set the property 'springdoc.swagger-ui.enabled=false'
